Standard Commons Logging discovery in action with spring-jcl: please remove commons-logging.jar from classpath in order to avoid potential conflicts

  .   ____          _            __ _ _
 /\\ / ___'_ __ _ _(_)_ __  __ _ \ \ \ \
( ( )\___ | '_ | '_| | '_ \/ _` | \ \ \ \
 \\/  ___)| |_)| | | | | || (_| |  ) ) ) )
  '  |____| .__|_| |_|_| |_\__, | / / / /
 =========|_|==============|___/=/_/_/_/
 :: Spring Boot ::                (v3.2.0)

2025-12-20T20:28:38.976+05:30  INFO 4572 --- [social-service] [           main] c.r.s.SocialServiceApplication           : Starting SocialServiceApplication v1.0.0 using Java 17.0.12 with PID 4572 (E:\RevHub_P1\RevHub_Micro_Local\social-service\target\social-service-1.0.0.jar started by Suhas in E:\RevHub_P1\RevHub_Micro_Local\social-service)
2025-12-20T20:28:38.982+05:30 DEBUG 4572 --- [social-service] [           main] c.r.s.SocialServiceApplication           : Running with Spring Boot v3.2.0, Spring v6.1.1
2025-12-20T20:28:38.983+05:30  INFO 4572 --- [social-service] [           main] c.r.s.SocialServiceApplication           : No active profile set, falling back to 1 default profile: "default"
2025-12-20T20:28:39.317+05:30  INFO 4572 --- [social-service] [           main] o.s.c.c.c.ConfigServerConfigDataLoader   : Fetching config from server at : http://localhost:8888
2025-12-20T20:28:39.317+05:30  INFO 4572 --- [social-service] [           main] o.s.c.c.c.ConfigServerConfigDataLoader   : Located environment: name=social-service, profiles=[default], label=null, version=null, state=null
2025-12-20T20:28:41.059+05:30  INFO 4572 --- [social-service] [           main] .s.d.r.c.RepositoryConfigurationDelegate : Multiple Spring Data modules found, entering strict repository configuration mode
2025-12-20T20:28:41.061+05:30  INFO 4572 --- [social-service] [           main] .s.d.r.c.RepositoryConfigurationDelegate : Bootstrapping Spring Data JPA repositories in DEFAULT mode.
2025-12-20T20:28:41.318+05:30  INFO 4572 --- [social-service] [           main] .s.d.r.c.RepositoryConfigurationDelegate : Finished Spring Data repository scanning in 249 ms. Found 3 JPA repository interfaces.
2025-12-20T20:28:41.323+05:30  INFO 4572 --- [social-service] [           main] .s.d.r.c.RepositoryConfigurationDelegate : Multiple Spring Data modules found, entering strict repository configuration mode
2025-12-20T20:28:41.324+05:30  INFO 4572 --- [social-service] [           main] .s.d.r.c.RepositoryConfigurationDelegate : Bootstrapping Spring Data MongoDB repositories in DEFAULT mode.
2025-12-20T20:28:41.359+05:30  INFO 4572 --- [social-service] [           main] .s.d.r.c.RepositoryConfigurationDelegate : Finished Spring Data repository scanning in 34 ms. Found 7 MongoDB repository interfaces.
2025-12-20T20:28:43.072+05:30  INFO 4572 --- [social-service] [           main] o.s.cloud.context.scope.GenericScope     : BeanFactory id=d3317ec1-b153-33d5-b775-c5e2a47f3629
2025-12-20T20:28:44.271+05:30  WARN 4572 --- [social-service] [           main] trationDelegate$BeanPostProcessorChecker : Bean 'org.springframework.cloud.client.loadbalancer.LoadBalancerAutoConfiguration$LoadBalancerInterceptorConfig' of type [org.springframework.cloud.client.loadbalancer.LoadBalancerAutoConfiguration$LoadBalancerInterceptorConfig] is not eligible for getting processed by all BeanPostProcessors (for example: not eligible for auto-proxying). The currently created BeanPostProcessor [lbRestClientPostProcessor] is declared through a non-static factory method on that class; consider declaring it as static instead.
2025-12-20T20:28:44.278+05:30  WARN 4572 --- [social-service] [           main] trationDelegate$BeanPostProcessorChecker : Bean 'org.springframework.cloud.loadbalancer.config.BlockingLoadBalancerClientAutoConfiguration' of type [org.springframework.cloud.loadbalancer.config.BlockingLoadBalancerClientAutoConfiguration] is not eligible for getting processed by all BeanPostProcessors (for example: not eligible for auto-proxying). Is this bean getting eagerly injected into a currently created BeanPostProcessor [lbRestClientPostProcessor]? Check the corresponding BeanPostProcessor declaration and its dependencies.
2025-12-20T20:28:44.287+05:30  WARN 4572 --- [social-service] [           main] trationDelegate$BeanPostProcessorChecker : Bean 'org.springframework.cloud.loadbalancer.config.LoadBalancerAutoConfiguration' of type [org.springframework.cloud.loadbalancer.config.LoadBalancerAutoConfiguration] is not eligible for getting processed by all BeanPostProcessors (for example: not eligible for auto-proxying). Is this bean getting eagerly injected into a currently created BeanPostProcessor [lbRestClientPostProcessor]? Check the corresponding BeanPostProcessor declaration and its dependencies.
2025-12-20T20:28:44.342+05:30  WARN 4572 --- [social-service] [           main] trationDelegate$BeanPostProcessorChecker : Bean 'org.springframework.cloud.commons.config.CommonsConfigAutoConfiguration' of type [org.springframework.cloud.commons.config.CommonsConfigAutoConfiguration] is not eligible for getting processed by all BeanPostProcessors (for example: not eligible for auto-proxying). Is this bean getting eagerly injected into a currently created BeanPostProcessor [lbRestClientPostProcessor]? Check the corresponding BeanPostProcessor declaration and its dependencies.
2025-12-20T20:28:44.358+05:30  WARN 4572 --- [social-service] [           main] trationDelegate$BeanPostProcessorChecker : Bean 'org.springframework.cloud.client.loadbalancer.LoadBalancerDefaultMappingsProviderAutoConfiguration' of type [org.springframework.cloud.client.loadbalancer.LoadBalancerDefaultMappingsProviderAutoConfiguration] is not eligible for getting processed by all BeanPostProcessors (for example: not eligible for auto-proxying). Is this bean getting eagerly injected into a currently created BeanPostProcessor [lbRestClientPostProcessor]? Check the corresponding BeanPostProcessor declaration and its dependencies.
2025-12-20T20:28:44.363+05:30  WARN 4572 --- [social-service] [           main] trationDelegate$BeanPostProcessorChecker : Bean 'loadBalancerClientsDefaultsMappingsProvider' of type [org.springframework.cloud.client.loadbalancer.LoadBalancerDefaultMappingsProviderAutoConfiguration$$Lambda$696/0x000001b685535e78] is not eligible for getting processed by all BeanPostProcessors (for example: not eligible for auto-proxying). Is this bean getting eagerly injected into a currently created BeanPostProcessor [lbRestClientPostProcessor]? Check the corresponding BeanPostProcessor declaration and its dependencies.
2025-12-20T20:28:44.392+05:30  WARN 4572 --- [social-service] [           main] trationDelegate$BeanPostProcessorChecker : Bean 'defaultsBindHandlerAdvisor' of type [org.springframework.cloud.commons.config.DefaultsBindHandlerAdvisor] is not eligible for getting processed by all BeanPostProcessors (for example: not eligible for auto-proxying). Is this bean getting eagerly injected into a currently created BeanPostProcessor [lbRestClientPostProcessor]? Check the corresponding BeanPostProcessor declaration and its dependencies.
2025-12-20T20:28:44.413+05:30  WARN 4572 --- [social-service] [           main] trationDelegate$BeanPostProcessorChecker : Bean 'spring.cloud.loadbalancer-org.springframework.cloud.client.loadbalancer.LoadBalancerClientsProperties' of type [org.springframework.cloud.client.loadbalancer.LoadBalancerClientsProperties] is not eligible for getting processed by all BeanPostProcessors (for example: not eligible for auto-proxying). Is this bean getting eagerly injected into a currently created BeanPostProcessor [lbRestClientPostProcessor]? Check the corresponding BeanPostProcessor declaration and its dependencies.
2025-12-20T20:28:44.432+05:30  WARN 4572 --- [social-service] [           main] trationDelegate$BeanPostProcessorChecker : Bean 'default.org.springframework.cloud.loadbalancer.config.LoadBalancerAutoConfiguration.LoadBalancerClientSpecification' of type [org.springframework.cloud.loadbalancer.annotation.LoadBalancerClientSpecification] is not eligible for getting processed by all BeanPostProcessors (for example: not eligible for auto-proxying). Is this bean getting eagerly injected into a currently created BeanPostProcessor [lbRestClientPostProcessor]? Check the corresponding BeanPostProcessor declaration and its dependencies.
2025-12-20T20:28:44.438+05:30  WARN 4572 --- [social-service] [           main] trationDelegate$BeanPostProcessorChecker : Bean 'default.org.springframework.cloud.loadbalancer.config.BlockingLoadBalancerClientAutoConfiguration.LoadBalancerClientSpecification' of type [org.springframework.cloud.loadbalancer.annotation.LoadBalancerClientSpecification] is not eligible for getting processed by all BeanPostProcessors (for example: not eligible for auto-proxying). Is this bean getting eagerly injected into a currently created BeanPostProcessor [lbRestClientPostProcessor]? Check the corresponding BeanPostProcessor declaration and its dependencies.
2025-12-20T20:28:44.439+05:30  WARN 4572 --- [social-service] [           main] trationDelegate$BeanPostProcessorChecker : Bean 'default.org.springframework.cloud.netflix.eureka.loadbalancer.LoadBalancerEurekaAutoConfiguration.LoadBalancerClientSpecification' of type [org.springframework.cloud.loadbalancer.annotation.LoadBalancerClientSpecification] is not eligible for getting processed by all BeanPostProcessors (for example: not eligible for auto-proxying). Is this bean getting eagerly injected into a currently created BeanPostProcessor [lbRestClientPostProcessor]? Check the corresponding BeanPostProcessor declaration and its dependencies.
2025-12-20T20:28:44.447+05:30  WARN 4572 --- [social-service] [           main] trationDelegate$BeanPostProcessorChecker : Bean 'loadBalancerClientFactory' of type [org.springframework.cloud.loadbalancer.support.LoadBalancerClientFactory] is not eligible for getting processed by all BeanPostProcessors (for example: not eligible for auto-proxying). Is this bean getting eagerly injected into a currently created BeanPostProcessor [lbRestClientPostProcessor]? Check the corresponding BeanPostProcessor declaration and its dependencies.
2025-12-20T20:28:44.470+05:30  WARN 4572 --- [social-service] [           main] trationDelegate$BeanPostProcessorChecker : Bean 'blockingLoadBalancerClient' of type [org.springframework.cloud.loadbalancer.blocking.client.BlockingLoadBalancerClient] is not eligible for getting processed by all BeanPostProcessors (for example: not eligible for auto-proxying). Is this bean getting eagerly injected into a currently created BeanPostProcessor [lbRestClientPostProcessor]? Check the corresponding BeanPostProcessor declaration and its dependencies.
2025-12-20T20:28:44.506+05:30  WARN 4572 --- [social-service] [           main] trationDelegate$BeanPostProcessorChecker : Bean 'loadBalancerServiceInstanceCookieTransformer' of type [org.springframework.cloud.loadbalancer.core.LoadBalancerServiceInstanceCookieTransformer] is not eligible for getting processed by all BeanPostProcessors (for example: not eligible for auto-proxying). Is this bean getting eagerly injected into a currently created BeanPostProcessor [lbRestClientPostProcessor]? Check the corresponding BeanPostProcessor declaration and its dependencies.
2025-12-20T20:28:44.510+05:30  WARN 4572 --- [social-service] [           main] trationDelegate$BeanPostProcessorChecker : Bean 'xForwarderHeadersTransformer' of type [org.springframework.cloud.loadbalancer.blocking.XForwardedHeadersTransformer] is not eligible for getting processed by all BeanPostProcessors (for example: not eligible for auto-proxying). Is this bean getting eagerly injected into a currently created BeanPostProcessor [lbRestClientPostProcessor]? Check the corresponding BeanPostProcessor declaration and its dependencies.
2025-12-20T20:28:44.514+05:30  WARN 4572 --- [social-service] [           main] trationDelegate$BeanPostProcessorChecker : Bean 'org.springframework.cloud.client.loadbalancer.LoadBalancerAutoConfiguration' of type [org.springframework.cloud.client.loadbalancer.LoadBalancerAutoConfiguration] is not eligible for getting processed by all BeanPostProcessors (for example: not eligible for auto-proxying). Is this bean getting eagerly injected into a currently created BeanPostProcessor [lbRestClientPostProcessor]? Check the corresponding BeanPostProcessor declaration and its dependencies.
2025-12-20T20:28:44.517+05:30  WARN 4572 --- [social-service] [           main] trationDelegate$BeanPostProcessorChecker : Bean 'loadBalancerRequestFactory' of type [org.springframework.cloud.client.loadbalancer.LoadBalancerRequestFactory] is not eligible for getting processed by all BeanPostProcessors (for example: not eligible for auto-proxying). Is this bean getting eagerly injected into a currently created BeanPostProcessor [lbRestClientPostProcessor]? Check the corresponding BeanPostProcessor declaration and its dependencies.
2025-12-20T20:28:44.523+05:30  WARN 4572 --- [social-service] [           main] trationDelegate$BeanPostProcessorChecker : Bean 'loadBalancerInterceptor' of type [org.springframework.cloud.client.loadbalancer.LoadBalancerInterceptor] is not eligible for getting processed by all BeanPostProcessors (for example: not eligible for auto-proxying). Is this bean getting eagerly injected into a currently created BeanPostProcessor [lbRestClientPostProcessor]? Check the corresponding BeanPostProcessor declaration and its dependencies.
2025-12-20T20:28:45.775+05:30  INFO 4572 --- [social-service] [           main] o.s.b.w.embedded.tomcat.TomcatWebServer  : Tomcat initialized with port 8082 (http)
2025-12-20T20:28:45.826+05:30  INFO 4572 --- [social-service] [           main] o.apache.catalina.core.StandardService   : Starting service [Tomcat]
2025-12-20T20:28:45.827+05:30  INFO 4572 --- [social-service] [           main] o.apache.catalina.core.StandardEngine    : Starting Servlet engine: [Apache Tomcat/10.1.16]
2025-12-20T20:28:46.098+05:30  INFO 4572 --- [social-service] [           main] o.a.c.c.C.[Tomcat].[localhost].[/]       : Initializing Spring embedded WebApplicationContext
2025-12-20T20:28:46.102+05:30  INFO 4572 --- [social-service] [           main] w.s.c.ServletWebServerApplicationContext : Root WebApplicationContext: initialization completed in 6777 ms
Standard Commons Logging discovery in action with spring-jcl: please remove commons-logging.jar from classpath in order to avoid potential conflicts
2025-12-20T20:28:47.530+05:30  INFO 4572 --- [social-service] [           main] o.hibernate.jpa.internal.util.LogHelper  : HHH000204: Processing PersistenceUnitInfo [name: default]
2025-12-20T20:28:47.814+05:30  INFO 4572 --- [social-service] [           main] org.hibernate.Version                    : HHH000412: Hibernate ORM core version 6.3.1.Final
2025-12-20T20:28:47.982+05:30  INFO 4572 --- [social-service] [           main] o.h.c.internal.RegionFactoryInitiator    : HHH000026: Second-level cache disabled
2025-12-20T20:28:48.503+05:30  INFO 4572 --- [social-service] [           main] o.s.o.j.p.SpringPersistenceUnitInfo      : No LoadTimeWeaver setup: ignoring JPA class transformer
2025-12-20T20:28:48.536+05:30  INFO 4572 --- [social-service] [           main] com.zaxxer.hikari.HikariDataSource       : HikariPool-1 - Starting...
2025-12-20T20:28:48.751+05:30  INFO 4572 --- [social-service] [           main] com.zaxxer.hikari.pool.HikariPool        : HikariPool-1 - Added connection com.mysql.cj.jdbc.ConnectionImpl@594f508f
2025-12-20T20:28:48.754+05:30  INFO 4572 --- [social-service] [           main] com.zaxxer.hikari.HikariDataSource       : HikariPool-1 - Start completed.
2025-12-20T20:28:48.820+05:30  WARN 4572 --- [social-service] [           main] org.hibernate.orm.deprecation            : HHH90000025: MySQLDialect does not need to be specified explicitly using 'hibernate.dialect' (remove the property setting and it will be selected by default)
2025-12-20T20:28:50.264+05:30  INFO 4572 --- [social-service] [           main] o.h.e.t.j.p.i.JtaPlatformInitiator       : HHH000489: No JTA platform available (set 'hibernate.transaction.jta.platform' to enable JTA platform integration)
2025-12-20T20:28:50.338+05:30  INFO 4572 --- [social-service] [           main] j.LocalContainerEntityManagerFactoryBean : Initialized JPA EntityManagerFactory for persistence unit 'default'
2025-12-20T20:28:51.838+05:30  INFO 4572 --- [social-service] [           main] o.s.d.j.r.query.QueryEnhancerFactory     : Hibernate is in classpath; If applicable, HQL parser will be used.
2025-12-20T20:28:53.768+05:30 DEBUG 4572 --- [social-service] [           main] c.r.security.JwtAuthenticationFilter     : Filter 'jwtAuthenticationFilter' configured for use
2025-12-20T20:28:56.558+05:30  INFO 4572 --- [social-service] [           main] org.mongodb.driver.client                : MongoClient with metadata {"driver": {"name": "mongo-java-driver|sync|spring-boot", "version": "4.11.1"}, "os": {"type": "Windows", "name": "Windows 11", "architecture": "amd64", "version": "10.0"}, "platform": "Java/Oracle Corporation/17.0.12+8-LTS-286"} created with settings MongoClientSettings{readPreference=primary, writeConcern=WriteConcern{w=null, wTimeout=null ms, journal=null}, retryWrites=true, retryReads=true, readConcern=ReadConcern{level=null}, credential=null, transportSettings=null, streamFactoryFactory=null, commandListeners=[io.micrometer.core.instrument.binder.mongodb.MongoMetricsCommandListener@6379f341], codecRegistry=ProvidersCodecRegistry{codecProviders=[ValueCodecProvider{}, BsonValueCodecProvider{}, DBRefCodecProvider{}, DBObjectCodecProvider{}, DocumentCodecProvider{}, CollectionCodecProvider{}, IterableCodecProvider{}, MapCodecProvider{}, GeoJsonCodecProvider{}, GridFSFileCodecProvider{}, Jsr310CodecProvider{}, JsonObjectCodecProvider{}, BsonCodecProvider{}, EnumCodecProvider{}, com.mongodb.client.model.mql.ExpressionCodecProvider@20e06d7b, com.mongodb.Jep395RecordCodecProvider@756837b8, com.mongodb.KotlinCodecProvider@41019f9d]}, loggerSettings=LoggerSettings{maxDocumentLength=1000}, clusterSettings={hosts=[localhost:27017], srvServiceName=mongodb, mode=SINGLE, requiredClusterType=UNKNOWN, requiredReplicaSetName='null', serverSelector='null', clusterListeners='[]', serverSelectionTimeout='30000 ms', localThreshold='15 ms'}, socketSettings=SocketSettings{connectTimeoutMS=10000, readTimeoutMS=0, receiveBufferSize=0, proxySettings=ProxySettings{host=null, port=null, username=null, password=null}}, heartbeatSocketSettings=SocketSettings{connectTimeoutMS=10000, readTimeoutMS=10000, receiveBufferSize=0, proxySettings=ProxySettings{host=null, port=null, username=null, password=null}}, connectionPoolSettings=ConnectionPoolSettings{maxSize=100, minSize=0, maxWaitTimeMS=120000, maxConnectionLifeTimeMS=0, maxConnectionIdleTimeMS=0, maintenanceInitialDelayMS=0, maintenanceFrequencyMS=60000, connectionPoolListeners=[io.micrometer.core.instrument.binder.mongodb.MongoMetricsConnectionPoolListener@2e042c93], maxConnecting=2}, serverSettings=ServerSettings{heartbeatFrequencyMS=10000, minHeartbeatFrequencyMS=500, serverListeners='[]', serverMonitorListeners='[]'}, sslSettings=SslSettings{enabled=false, invalidHostNameAllowed=false, context=null}, applicationName='null', compressorList=[], uuidRepresentation=JAVA_LEGACY, serverApi=null, autoEncryptionSettings=null, dnsClient=null, inetAddressResolver=null, contextProvider=null}
2025-12-20T20:28:56.593+05:30  INFO 4572 --- [social-service] [localhost:27017] org.mongodb.driver.cluster               : Monitor thread successfully connected to server with description ServerDescription{address=localhost:27017, type=STANDALONE, state=CONNECTED, ok=true, minWireVersion=0, maxWireVersion=27, maxDocumentSize=16777216, logicalSessionTimeoutMinutes=30, roundTripTimeNanos=64643600}
2025-12-20T20:28:58.334+05:30  WARN 4572 --- [social-service] [           main] JpaBaseConfiguration$JpaWebConfiguration : spring.jpa.open-in-view is enabled by default. Therefore, database queries may be performed during view rendering. Explicitly configure spring.jpa.open-in-view to disable this warning
2025-12-20T20:29:00.093+05:30  INFO 4572 --- [social-service] [           main] o.s.b.a.e.web.EndpointLinksResolver      : Exposing 16 endpoint(s) beneath base path '/actuator'
2025-12-20T20:29:00.292+05:30  INFO 4572 --- [social-service] [           main] o.s.s.web.DefaultSecurityFilterChain     : Will secure any request with [org.springframework.security.web.session.DisableEncodeUrlFilter@16d92d12, org.springframework.security.web.context.request.async.WebAsyncManagerIntegrationFilter@5f63bc34, org.springframework.security.web.context.SecurityContextHolderFilter@32af7447, org.springframework.security.web.header.HeaderWriterFilter@7a6a4327, org.springframework.security.web.authentication.logout.LogoutFilter@62965c9f, com.revhub.security.JwtAuthenticationFilter@50a48de0, org.springframework.security.web.savedrequest.RequestCacheAwareFilter@b59b6bf, org.springframework.security.web.servletapi.SecurityContextHolderAwareRequestFilter@2f3cddaf, org.springframework.security.web.authentication.AnonymousAuthenticationFilter@680535b7, org.springframework.security.web.session.SessionManagementFilter@5d408b09, org.springframework.security.web.access.ExceptionTranslationFilter@679d66fa, org.springframework.security.web.access.intercept.AuthorizationFilter@33968dca]
2025-12-20T20:29:01.964+05:30  INFO 4572 --- [social-service] [           main] DiscoveryClientOptionalArgsConfiguration : Eureka HTTP Client uses RestTemplate.
2025-12-20T20:29:02.012+05:30  WARN 4572 --- [social-service] [           main] iguration$LoadBalancerCaffeineWarnLogger : Spring Cloud LoadBalancer is currently working with the default cache. While this cache implementation is useful for development and tests, it's recommended to use Caffeine cache in production.You can switch to using Caffeine cache, by adding it and org.springframework.cache.caffeine.CaffeineCacheManager to the classpath.
2025-12-20T20:29:02.126+05:30  INFO 4572 --- [social-service] [           main] o.s.c.n.eureka.InstanceInfoFactory       : Setting initial instance status as: STARTING
2025-12-20T20:29:02.184+05:30  INFO 4572 --- [social-service] [           main] com.netflix.discovery.DiscoveryClient    : Initializing Eureka in region us-east-1
2025-12-20T20:29:02.193+05:30  INFO 4572 --- [social-service] [           main] c.n.d.s.r.aws.ConfigClusterResolver      : Resolving eureka endpoints via configuration
2025-12-20T20:29:02.221+05:30  INFO 4572 --- [social-service] [           main] com.netflix.discovery.DiscoveryClient    : Disable delta property : false
2025-12-20T20:29:02.221+05:30  INFO 4572 --- [social-service] [           main] com.netflix.discovery.DiscoveryClient    : Single vip registry refresh property : null
2025-12-20T20:29:02.221+05:30  INFO 4572 --- [social-service] [           main] com.netflix.discovery.DiscoveryClient    : Force full registry fetch : false
2025-12-20T20:29:02.221+05:30  INFO 4572 --- [social-service] [           main] com.netflix.discovery.DiscoveryClient    : Application is null : false
2025-12-20T20:29:02.221+05:30  INFO 4572 --- [social-service] [           main] com.netflix.discovery.DiscoveryClient    : Registered Applications size is zero : true
2025-12-20T20:29:02.221+05:30  INFO 4572 --- [social-service] [           main] com.netflix.discovery.DiscoveryClient    : Application version is -1: true
2025-12-20T20:29:02.221+05:30  INFO 4572 --- [social-service] [           main] com.netflix.discovery.DiscoveryClient    : Getting all instance registry info from the eureka server
2025-12-20T20:29:02.581+05:30  INFO 4572 --- [social-service] [           main] com.netflix.discovery.DiscoveryClient    : The response status is 200
2025-12-20T20:29:02.586+05:30  INFO 4572 --- [social-service] [           main] com.netflix.discovery.DiscoveryClient    : Starting heartbeat executor: renew interval is: 30
2025-12-20T20:29:02.588+05:30  INFO 4572 --- [social-service] [           main] c.n.discovery.InstanceInfoReplicator     : InstanceInfoReplicator onDemand update allowed rate per min is 4
2025-12-20T20:29:02.595+05:30  INFO 4572 --- [social-service] [           main] com.netflix.discovery.DiscoveryClient    : Discovery Client initialized at timestamp 1766242742594 with initial instances count: 5
2025-12-20T20:29:02.601+05:30  INFO 4572 --- [social-service] [           main] o.s.c.n.e.s.EurekaServiceRegistry        : Registering application SOCIAL-SERVICE with eureka with status UP
2025-12-20T20:29:02.602+05:30  INFO 4572 --- [social-service] [           main] com.netflix.discovery.DiscoveryClient    : Saw local status change event StatusChangeEvent [timestamp=1766242742602, current=UP, previous=STARTING]
2025-12-20T20:29:02.605+05:30  INFO 4572 --- [social-service] [nfoReplicator-0] com.netflix.discovery.DiscoveryClient    : DiscoveryClient_SOCIAL-SERVICE/SuhasMali:social-service:8082: registering service...
2025-12-20T20:29:02.614+05:30  INFO 4572 --- [social-service] [           main] o.s.c.n.e.s.EurekaServiceRegistry        : Unregistering application SOCIAL-SERVICE with eureka with status DOWN
2025-12-20T20:29:02.615+05:30  INFO 4572 --- [social-service] [           main] com.netflix.discovery.DiscoveryClient    : Saw local status change event StatusChangeEvent [timestamp=1766242742615, current=DOWN, previous=UP]
2025-12-20T20:29:02.615+05:30  WARN 4572 --- [social-service] [           main] ConfigServletWebServerApplicationContext : Exception encountered during context initialization - cancelling refresh attempt: org.springframework.context.ApplicationContextException: Failed to start bean 'webServerStartStop'
2025-12-20T20:29:02.651+05:30  INFO 4572 --- [social-service] [           main] j.LocalContainerEntityManagerFactoryBean : Closing JPA EntityManagerFactory for persistence unit 'default'
2025-12-20T20:29:02.655+05:30  INFO 4572 --- [social-service] [           main] com.zaxxer.hikari.HikariDataSource       : HikariPool-1 - Shutdown initiated...
2025-12-20T20:29:02.669+05:30  INFO 4572 --- [social-service] [           main] com.zaxxer.hikari.HikariDataSource       : HikariPool-1 - Shutdown completed.
2025-12-20T20:29:02.670+05:30  INFO 4572 --- [social-service] [           main] com.netflix.discovery.DiscoveryClient    : Shutting down DiscoveryClient ...
2025-12-20T20:29:02.684+05:30  INFO 4572 --- [social-service] [nfoReplicator-0] com.netflix.discovery.DiscoveryClient    : DiscoveryClient_SOCIAL-SERVICE/SuhasMali:social-service:8082 - registration status: 204
2025-12-20T20:29:02.685+05:30  INFO 4572 --- [social-service] [nfoReplicator-0] com.netflix.discovery.DiscoveryClient    : DiscoveryClient_SOCIAL-SERVICE/SuhasMali:social-service:8082: registering service...
2025-12-20T20:29:02.692+05:30  INFO 4572 --- [social-service] [nfoReplicator-0] com.netflix.discovery.DiscoveryClient    : DiscoveryClient_SOCIAL-SERVICE/SuhasMali:social-service:8082 - registration status: 204
2025-12-20T20:29:02.694+05:30  INFO 4572 --- [social-service] [           main] com.netflix.discovery.DiscoveryClient    : Unregistering ...
2025-12-20T20:29:02.699+05:30  INFO 4572 --- [social-service] [           main] com.netflix.discovery.DiscoveryClient    : DiscoveryClient_SOCIAL-SERVICE/SuhasMali:social-service:8082 - deregister  status: 200
2025-12-20T20:29:02.707+05:30  INFO 4572 --- [social-service] [           main] com.netflix.discovery.DiscoveryClient    : Completed shut down of DiscoveryClient
2025-12-20T20:29:02.741+05:30  INFO 4572 --- [social-service] [           main] .s.b.a.l.ConditionEvaluationReportLogger : 

Error starting ApplicationContext. To display the condition evaluation report re-run your application with 'debug' enabled.
2025-12-20T20:29:02.767+05:30 ERROR 4572 --- [social-service] [           main] o.s.b.d.LoggingFailureAnalysisReporter   : 

***************************
APPLICATION FAILED TO START
***************************

Description:

Web server failed to start. Port 8082 was already in use.

Action:

Identify and stop the process that's listening on port 8082 or configure this application to listen on another port.

